stdout:
=== Risk Assessment Engine ===

# Business Risk Assessment & Recommendations

## 1. Risk Priority Matrix

```
IMPACT
  High │  Data Breach    Key Employee
       │  (M,H)          Departure
       │                 (L,H)
       │
Medium │                 Market Downturn
       │                 (H,M)
       │
  Low  │
       └─────────────────────────────
         Low    Medium    High
              PROBABILITY
```

### Risk Scoring (Priority = P × I):
| Risk | Probability | Impact | Score | Priority |
|------|-------------|--------|-------|----------|
| Market Downturn | High (3) | Medium (2) | **6** | **#1** |
| Data Breach | Medium (2) | High (3) | **6** | **#1** |
| Key Employee Departure | Low (1) | High (3) | **3** | #3 |

---

## 2. Critical Risks Requiring Immediate Attention

### **Risk #1: Market Downturn (Score: 6)**
**Why Critical:**
- High probability + medium-high impact
- Directly threatens revenue and sustainability
- Affects all business units simultaneously

**Immediate Actions:**
- Conduct scenario planning (recession, 20-30% revenue decline)
- Stress-test financial projections
- Identify cost reduction opportunities (non-critical)
- Accelerate cash reserve building

---

### **Risk #2: Data Breach


stderr:
