stdout:
=== Time Tracking Analyzer ===

# Time Allocation & Productivity Analysis

## 1. Productivity Assessment by Activity

| Activity | Hours | % | Productivity | ROI Score |
|----------|-------|---|--------------|-----------|
| Code Development | 32 | 47% | **High** | ⭐⭐⭐⭐⭐ |
| Learning/Research | 6 | 9% | **High** | ⭐⭐⭐⭐⭐ |
| Bug Fixes | 10 | 15% | Medium | ⭐⭐⭐ |
| Meetings | 12 | 18% | Medium | ⭐⭐⭐ |
| Email/Admin | 8 | 11% | **Low** | ⭐⭐ |

**Key Finding:** 56% of time yields high productivity; 29% yields low-to-medium returns.

---

## 2. Time Allocation Optimization

### Current State Issues
```
High-Value Activities:    38 hours (56%)  ✓ Good baseline
Medium-Value Activities:  22 hours (32%)  ⚠ Needs review
Low-Value Activities:      8 hours (11%)  


stderr:
