stdout:
=== Email Auto-Responder ===

Email 1: Order Status
Response:
**Subject: RE: Order Status**

Dear Customer,

Thank you for contacting us. I'd be happy to help you track your order. Could you please provide your order number or the email address associated with your account so I can locate your order and provide you with the most current delivery status?

Best regards,
[Your Name]
[Your Title]
[Company Name]

Email 2: Meeting Request
Response:
**Subject: RE: Meeting Request**

Thank you for reaching out. Friday at 2 PM works well for me—please send over a calendar invite or meeting link at your convenience. I look forward to discussing the integration details with you.

Email 3: Unsubscribe
Response:
**Subject: Re: Unsubscribe**

Thank you for reaching out. We've processed your request and removed your email address from our marketing list effective immediately. You should no longer receive newsletters from us, though you may continue to receive transactional emails related to your account if applicable.



stderr:
