stdout:
=== News Summarizer ===

# News Summary & Analysis

## 1. Main Headlines & Key Points

**Article 1 - Tech Stocks Rally**
- Tech stocks up 5% on AI investor confidence
- NVIDIA and Microsoft leading gains

**Article 2 - Climate Agreement**
- 195 countries committed to net-zero by 2050
- Historic carbon reduction targets established

**Article 3 - Quantum Computing Breakthrough**
- 99% error correction achieved in quantum processors
- Major technical advancement in the field

---

## 2. Common Themes

- **Innovation-driven growth**: All three reflect technological advancement
- **Global scale**: International coordination (climate) and worldwide market impact (tech)
- **Future-oriented**: Focus on long-term goals (2050 targets, quantum development)
- **Investor/stakeholder confidence**: Positive momentum across sectors

---

## 3. Impact Analysis

| Sector | Immediate Impact | Long-term Implications |
|--------|------------------|----------------------|
| **Tech/Finance** | Market gains; portfolio boosts | Sustained AI investment cycle |
| **Climate** | Policy frameworks established | Economic transition; green tech demand |
| **Computing** | R&D validation | Quantum applications acceleration |

---

## 4. Individual Summaries

- **Tech**: Market enthusiasm for AI drives significant equity gains
- **Climate**: Global commitment to emissions targets signals coordinated environmental action
- **Quantum**: Technical milestone removes major barrier to practical quantum computing

---

## 5. Overall Trends & Implications

✓ **Technology as economic


stderr:
