stdout:
=== Recipe Recommender ===

# Gluten-Free Asian Chicken & Broccoli Stir-Fry

## Recipe Description
A quick, vibrant stir-fry combining tender chicken breast with crisp broccoli in a savory garlic-ginger sauce. This restaurant-quality dish comes together in under 30 minutes and is naturally gluten-free when using tamari or coconut aminos instead of regular soy sauce.

---

## Complete Ingredients List

### You Have:
- Chicken breast
- Broccoli
- Rice
- Garlic
- Soy sauce (or substitute below)
- Ginger

### You'll Need to Add:
- **Oil** (vegetable, canola, or sesame oil) - 3 tablespoons
- **Tamari or coconut aminos** - 3 tablespoons (gluten-free soy sauce alternative)
- **Water or chicken broth** - ¼ cup
- **Cornstarch** - 1 tablespoon (for sauce thickening)
- **Salt & pepper** - to taste
- **Optional: sesame seeds, green onions** (for garnish)

---

## Step-by-Step Instructions

### Prep (10 minutes)
1. **Cook rice** according to package directions (start first so it's ready when needed)
2. **Cut chicken breast** into bite-sized cubes (about 1-1.5 inches)
3. **Chop broccoli** into small florets
4. **Mince garlic** (about 3-4 cloves)
5. **Grate or mince ginger** (about 1 tablespoon)
6. **Mix sauce**: Combine tamari


stderr:
