stdout:
=== Training Content Creator ===

# Comprehensive Python Development Training Program

## 1. STRUCTURED LESSON OUTLINE

### **Phase 1: Python Fundamentals (Weeks 1-2)**

#### Week 1: Getting Started
- **1.1 Introduction to Python**
  - History and use cases
  - Installation and environment setup
  - IDE selection (VS Code, PyCharm, Jupyter)
  - Duration: 2 hours

- **1.2 Basic Syntax and Data Types**
  - Variables and naming conventions
  - Primitive types (int, float, str, bool)
  - Type conversion and checking
  - Duration: 3 hours

- **1.3 Operators and Expressions**
  - Arithmetic, comparison, logical operators
  - Operator precedence
  - String operations
  - Duration: 2 hours

#### Week 2: Control Flow and Functions
- **2.1 Control Structures**
  - if/elif/else statements
  - Loops (for, while)
  - Break, continue, pass
  - Duration: 3 hours

- **2.2 Functions**
  - Function definition and calling
  - Parameters and arguments
  - Return values
  - Scope and namespaces
  - Duration: 3 hours

- **2.3 Error Handling**
  - Try/except/finally blocks
  - Exception types
  - Custom exceptions
  - Duration: 2 hours

---

### **Phase 2: Data Structures & Algorithms (Weeks 3-5)**

#### Week 3: Built-in Data Structures
- **3.1 Lists**
  - Creation and indexing
  - List methods and operations
  - List comprehensions
  - Duration


stderr:
