stdout:
=== Language Translator ===

Translation 1 (Spanish):
Original: Hello, how are you today?
Result:
# Translation: "Hello, how are you today?"

## 1. Direct Translation
**"Hola, ¿cómo estás hoy?"**

## 2. Cultural Context Notes
- Spanish greetings are generally warm and social
- The phrase is appropriate for most everyday contexts
- In Spanish-speaking cultures, asking "how are you" is often a genuine social gesture, not just a formality

## 3. Alternative Phrasings by Formality Level

**Informal (friends, peers):**
- "Hola, ¿qué tal hoy?" (Hi, how's it going today?)
- "¿Qué onda?" (What's up?) — *very casual, regional*

**Standard/Neutral:**
- "Hola, ¿cómo estás?" (Hello, how are you?)
- "H

Translation 2 (French):
Original: The meeting is scheduled for tomorrow at 3 PM.
Result:
# Translation to French

## 1. Direct Translation
**"La réunion est prévue pour demain à 15h."**
(or: "La réunion est programmée pour demain à 15h.")

## 2. Cultural Context Notes

- **Time format**: French uses 24-hour time (15h = 3 PM), though 3h de l'après-midi is also understood
- **Formality neutral**: The direct translation works in most professional contexts
- **"Prévue" vs "programmée"**: Both mean "scheduled," with "prévue" being slightly more common in French

## 3. Alternative Phrasings by Formality Level

**Formal/Professional:**
- "La réunion est fixée pour demain à 15 heures."
- "La réunion aura lieu demain à 15h

Translation 3 (German):
Original: Please send me the report by Friday.
Result:
# Translation: "Please send me the report by Friday."

## 1. Direct Translation
**"Bitte senden Sie mir den Bericht bis Freitag."**

---

## 2. Cultural Context Notes

- **Formality in German**: German distinguishes between formal (Sie) and informal (du) address more strictly than English
- **Directness**: German business communication values clarity and directness, so this phrasing is appropriate and not considered rude
- **Deadline emphasis**: "bis Freitag" (by Friday) is clear and commonly used in professional settings

---

## 3. Alternative Phrasings by Formality Level

### **Formal (Professional/Official)**
- "Bitte senden Sie mir den Bericht bis Freitag zu."
- "Könnten Sie mir den Bericht bis Freitag zukommen



stderr:
