stdout:
=== Lead Qualification Bot ===

# Lead Qualification & Prioritization Analysis

## 1. Enterprise Ltd ⭐ TOP PRIORITY

**Qualification Score: 9.5/10**

**Buying Signals Strength: Very Strong**
- Urgent timeline (ASAP) = immediate need
- Large budget ($200k) = serious commitment
- Scalability issues = pain point directly addressable
- Company size (2000 employees) = complex operations justify investment

**Sales Priority: HIGH**

**Recommended Approach/Messaging:**
- Position as scalability enabler and operational efficiency partner
- Emphasize enterprise-grade features, security, compliance
- Highlight case studies from similar-sized organizations
- Focus on ROI and time-to-value given urgency

**Next Steps:**
1. **Immediate:** Schedule discovery call within 48 hours
2. Conduct needs assessment focused on scalability challenges
3. Prepare customized proposal with implementation timeline
4. Identify economic buyer + technical stakeholders
5. Propose pilot/proof-of-concept if appropriate

---

## 2. John Corp ⭐ STRONG PROSPECT

**Qualification Score: 7.5/10**

**Buying Signals Strength: Strong**
- Clear pain points (manual processes, data silos) = high-impact problems
- Reasonable budget ($50k) = financial capacity
- Mid-market size (500 employees) = good fit
- Q2 2026 timeline = planning phase now

**Sales Priority: MEDIUM-HIGH**

**Recommended Approach/Messaging:**
- Lead with workflow automation and data integration benefits
- Quantify time/cost savings from eliminating manual work
- Emphasize data accessibility and decision-making improvements
- Position as modernization partner for growing


stderr:
