stdout:
=== Data Extraction Tool ===

```json
{
  "order_id": "ORD-2024-5678",
  "customer_name": "Jane Smith",
  "customer_email": "jane.smith@email.com",
  "total": "$234.99",
  "delivery_date": "February 10, 2024",
  "tracking_number": "1Z999AA10123456784",
  "items": [
    {
      "name": "Laptop Stand",
      "quantity": 1,
      "price": "$89.99"
    },
    {
      "name": "USB-C Cable",
      "quantity": 2,
      "price": "$24.99 each"
    },
    {
      "name": "Wireless Mouse",
      "quantity": 1,
      "price": "$69.99"
    }
  ]
}
```


stderr:
